<?xml version="1.0" encoding="UTF-8"?>
<testng-results ignored="0" total="3" passed="3" failed="0" skipped="0">
  <reporter-output>
  </reporter-output>
  <suite started-at="2024-07-12T16:11:31 IST" name="Suite" finished-at="2024-07-12T16:12:19 IST" duration-ms="47820">
    <groups>
    </groups>
    <test started-at="2024-07-12T16:11:31 IST" name="Test" finished-at="2024-07-12T16:12:19 IST" duration-ms="47820">
      <class name="qtriptest.tests.testCase_01">
        <test-method is-config="true" signature="createDriver()[pri:0, instance:qtriptest.tests.testCase_01@2d901eb0]" started-at="2024-07-12T16:11:31 IST" name="createDriver" finished-at="2024-07-12T16:11:35 IST" duration-ms="3586" status="PASS">
          <reporter-output>
          </reporter-output>
        </test-method> <!-- createDriver -->
        <test-method signature="TestCase01(java.lang.String,java.lang.String)[pri:0, instance:qtriptest.tests.testCase_01@2d901eb0]" started-at="2024-07-12T16:11:37 IST" name="TestCase01" data-provider="qtripData" finished-at="2024-07-12T16:11:51 IST" duration-ms="14213" status="PASS">
          <params>
            <param index="0">
              <value>
                <![CDATA[testuser@gmail.com]]>
              </value>
            </param>
            <param index="1">
              <value>
                <![CDATA[abc@123]]>
              </value>
            </param>
          </params>
          <reporter-output>
          </reporter-output>
        </test-method> <!-- TestCase01 -->
        <test-method signature="TestCase01(java.lang.String,java.lang.String)[pri:0, instance:qtriptest.tests.testCase_01@2d901eb0]" started-at="2024-07-12T16:11:51 IST" name="TestCase01" data-provider="qtripData" finished-at="2024-07-12T16:12:05 IST" duration-ms="13667" status="PASS">
          <params>
            <param index="0">
              <value>
                <![CDATA[TESTUSER@gmail.com]]>
              </value>
            </param>
            <param index="1">
              <value>
                <![CDATA[123456.0]]>
              </value>
            </param>
          </params>
          <reporter-output>
          </reporter-output>
        </test-method> <!-- TestCase01 -->
        <test-method signature="TestCase01(java.lang.String,java.lang.String)[pri:0, instance:qtriptest.tests.testCase_01@2d901eb0]" started-at="2024-07-12T16:12:05 IST" name="TestCase01" data-provider="qtripData" finished-at="2024-07-12T16:12:19 IST" duration-ms="13715" status="PASS">
          <params>
            <param index="0">
              <value>
                <![CDATA[123_USER_low@gmail.com]]>
              </value>
            </param>
            <param index="1">
              <value>
                <![CDATA[QWERTY!!!!]]>
              </value>
            </param>
          </params>
          <reporter-output>
          </reporter-output>
        </test-method> <!-- TestCase01 -->
        <test-method is-config="true" signature="quitDriver()[pri:0, instance:qtriptest.tests.testCase_01@2d901eb0]" started-at="2024-07-12T16:12:19 IST" name="quitDriver" finished-at="2024-07-12T16:12:19 IST" duration-ms="120" status="PASS">
          <reporter-output>
          </reporter-output>
        </test-method> <!-- quitDriver -->
      </class> <!-- qtriptest.tests.testCase_01 -->
    </test> <!-- Test -->
  </suite> <!-- Suite -->
</testng-results>
